[      94ms] [ERROR] Failed to load resource: the server responded with a status of 404 (Not Found) @ http://localhost:3001/og-image.png:0
[     260ms] [INFO] %cDownload the React DevTools for a better development experience: https://reactjs.org/link/react-devtools font-weight:bold @ webpack-internal:///(app-pages-browser)/./node_modules/next/dist/compiled/react-dom/cjs/react-dom.development.js:38559
[     341ms] [WARNING] Please ensure that the container has a non-static position, like 'relative', 'fixed', or 'absolute' to ensure scroll offset is calculated correctly. @ webpack-internal:///(app-pages-browser)/./node_modules/motion-utils/dist/es/warn-once.mjs:15
[     541ms] TypeError: Cannot read properties of undefined (reading 'S')
    at Tt.exports (webpack-internal:///(app-pages-browser)/./node_modules/@react-three/fiber/dist/events-760a1017.esm.js:12969:512)
    at createReconciler (webpack-internal:///(app-pages-browser)/./node_modules/@react-three/fiber/dist/events-760a1017.esm.js:14099:24)
    at eval (webpack-internal:///(app-pages-browser)/./node_modules/@react-three/fiber/dist/events-760a1017.esm.js:14367:36)
    at (app-pages-browser)/./node_modules/@react-three/fiber/dist/events-760a1017.esm.js (http://localhost:3001/_next/static/chunks/_app-pages-browser_src_components_ui_ParticleBackground_tsx.js:18:1)
    at options.factory (http://localhost:3001/_next/static/chunks/webpack.js?v=1776291754720:715:31)
    at __webpack_require__ (http://localhost:3001/_next/static/chunks/webpack.js?v=1776291754720:37:33)
    at fn (http://localhost:3001/_next/static/chunks/webpack.js?v=1776291754720:371:21)
    at eval (webpack-internal:///(app-pages-browser)/./src/components/ui/ParticleBackground.tsx:8:76)
    at (app-pages-browser)/./src/components/ui/ParticleBackground.tsx (http://localhost:3001/_next/static/chunks/_app-pages-browser_src_components_ui_ParticleBackground_tsx.js:108:1)
    at options.factory (http://localhost:3001/_next/static/chunks/webpack.js?v=1776291754720:715:31)
    at __webpack_require__ (http://localhost:3001/_next/static/chunks/webpack.js?v=1776291754720:37:33)
    at fn (http://localhost:3001/_next/static/chunks/webpack.js?v=1776291754720:371:21)
[     545ms] TypeError: Cannot read properties of undefined (reading 'S')
    at Tt.exports (webpack-internal:///(app-pages-browser)/./node_modules/@react-three/fiber/dist/events-760a1017.esm.js:12969:512)
    at createReconciler (webpack-internal:///(app-pages-browser)/./node_modules/@react-three/fiber/dist/events-760a1017.esm.js:14099:24)
    at eval (webpack-internal:///(app-pages-browser)/./node_modules/@react-three/fiber/dist/events-760a1017.esm.js:14367:36)
    at (app-pages-browser)/./node_modules/@react-three/fiber/dist/events-760a1017.esm.js (http://localhost:3001/_next/static/chunks/_app-pages-browser_src_components_ui_ParticleBackground_tsx.js:18:1)
    at options.factory (http://localhost:3001/_next/static/chunks/webpack.js?v=1776291754720:715:31)
    at __webpack_require__ (http://localhost:3001/_next/static/chunks/webpack.js?v=1776291754720:37:33)
    at fn (http://localhost:3001/_next/static/chunks/webpack.js?v=1776291754720:371:21)
    at eval (webpack-internal:///(app-pages-browser)/./src/components/ui/ParticleBackground.tsx:8:76)
    at (app-pages-browser)/./src/components/ui/ParticleBackground.tsx (http://localhost:3001/_next/static/chunks/_app-pages-browser_src_components_ui_ParticleBackground_tsx.js:108:1)
    at options.factory (http://localhost:3001/_next/static/chunks/webpack.js?v=1776291754720:715:31)
    at __webpack_require__ (http://localhost:3001/_next/static/chunks/webpack.js?v=1776291754720:37:33)
    at fn (http://localhost:3001/_next/static/chunks/webpack.js?v=1776291754720:371:21)
[     545ms] TypeError: Cannot read properties of undefined (reading 'S')
    at Tt.exports (webpack-internal:///(app-pages-browser)/./node_modules/@react-three/fiber/dist/events-760a1017.esm.js:12969:512)
    at createReconciler (webpack-internal:///(app-pages-browser)/./node_modules/@react-three/fiber/dist/events-760a1017.esm.js:14099:24)
    at eval (webpack-internal:///(app-pages-browser)/./node_modules/@react-three/fiber/dist/events-760a1017.esm.js:14367:36)
    at (app-pages-browser)/./node_modules/@react-three/fiber/dist/events-760a1017.esm.js (http://localhost:3001/_next/static/chunks/_app-pages-browser_src_components_ui_ParticleBackground_tsx.js:18:1)
    at options.factory (http://localhost:3001/_next/static/chunks/webpack.js?v=1776291754720:715:31)
    at __webpack_require__ (http://localhost:3001/_next/static/chunks/webpack.js?v=1776291754720:37:33)
    at fn (http://localhost:3001/_next/static/chunks/webpack.js?v=1776291754720:371:21)
    at eval (webpack-internal:///(app-pages-browser)/./src/components/ui/ParticleBackground.tsx:8:76)
    at (app-pages-browser)/./src/components/ui/ParticleBackground.tsx (http://localhost:3001/_next/static/chunks/_app-pages-browser_src_components_ui_ParticleBackground_tsx.js:108:1)
    at options.factory (http://localhost:3001/_next/static/chunks/webpack.js?v=1776291754720:715:31)
    at __webpack_require__ (http://localhost:3001/_next/static/chunks/webpack.js?v=1776291754720:37:33)
    at fn (http://localhost:3001/_next/static/chunks/webpack.js?v=1776291754720:371:21)
[     545ms] TypeError: Cannot read properties of undefined (reading 'S')
    at Tt.exports (webpack-internal:///(app-pages-browser)/./node_modules/@react-three/fiber/dist/events-760a1017.esm.js:12969:512)
    at createReconciler (webpack-internal:///(app-pages-browser)/./node_modules/@react-three/fiber/dist/events-760a1017.esm.js:14099:24)
    at eval (webpack-internal:///(app-pages-browser)/./node_modules/@react-three/fiber/dist/events-760a1017.esm.js:14367:36)
    at (app-pages-browser)/./node_modules/@react-three/fiber/dist/events-760a1017.esm.js (http://localhost:3001/_next/static/chunks/_app-pages-browser_src_components_ui_ParticleBackground_tsx.js:18:1)
    at options.factory (http://localhost:3001/_next/static/chunks/webpack.js?v=1776291754720:715:31)
    at __webpack_require__ (http://localhost:3001/_next/static/chunks/webpack.js?v=1776291754720:37:33)
    at fn (http://localhost:3001/_next/static/chunks/webpack.js?v=1776291754720:371:21)
    at eval (webpack-internal:///(app-pages-browser)/./src/components/ui/ParticleBackground.tsx:8:76)
    at (app-pages-browser)/./src/components/ui/ParticleBackground.tsx (http://localhost:3001/_next/static/chunks/_app-pages-browser_src_components_ui_ParticleBackground_tsx.js:108:1)
    at options.factory (http://localhost:3001/_next/static/chunks/webpack.js?v=1776291754720:715:31)
    at __webpack_require__ (http://localhost:3001/_next/static/chunks/webpack.js?v=1776291754720:37:33)
    at fn (http://localhost:3001/_next/static/chunks/webpack.js?v=1776291754720:371:21)
[     545ms] TypeError: Cannot read properties of undefined (reading 'S')
    at Tt.exports (webpack-internal:///(app-pages-browser)/./node_modules/@react-three/fiber/dist/events-760a1017.esm.js:12969:512)
    at createReconciler (webpack-internal:///(app-pages-browser)/./node_modules/@react-three/fiber/dist/events-760a1017.esm.js:14099:24)
    at eval (webpack-internal:///(app-pages-browser)/./node_modules/@react-three/fiber/dist/events-760a1017.esm.js:14367:36)
    at (app-pages-browser)/./node_modules/@react-three/fiber/dist/events-760a1017.esm.js (http://localhost:3001/_next/static/chunks/_app-pages-browser_src_components_ui_ParticleBackground_tsx.js:18:1)
    at options.factory (http://localhost:3001/_next/static/chunks/webpack.js?v=1776291754720:715:31)
    at __webpack_require__ (http://localhost:3001/_next/static/chunks/webpack.js?v=1776291754720:37:33)
    at fn (http://localhost:3001/_next/static/chunks/webpack.js?v=1776291754720:371:21)
    at eval (webpack-internal:///(app-pages-browser)/./src/components/ui/ParticleBackground.tsx:8:76)
    at (app-pages-browser)/./src/components/ui/ParticleBackground.tsx (http://localhost:3001/_next/static/chunks/_app-pages-browser_src_components_ui_ParticleBackground_tsx.js:108:1)
    at options.factory (http://localhost:3001/_next/static/chunks/webpack.js?v=1776291754720:715:31)
    at __webpack_require__ (http://localhost:3001/_next/static/chunks/webpack.js?v=1776291754720:37:33)
    at fn (http://localhost:3001/_next/static/chunks/webpack.js?v=1776291754720:371:21)
[     546ms] TypeError: Cannot read properties of undefined (reading 'S')
    at Tt.exports (webpack-internal:///(app-pages-browser)/./node_modules/@react-three/fiber/dist/events-760a1017.esm.js:12969:512)
    at createReconciler (webpack-internal:///(app-pages-browser)/./node_modules/@react-three/fiber/dist/events-760a1017.esm.js:14099:24)
    at eval (webpack-internal:///(app-pages-browser)/./node_modules/@react-three/fiber/dist/events-760a1017.esm.js:14367:36)
    at (app-pages-browser)/./node_modules/@react-three/fiber/dist/events-760a1017.esm.js (http://localhost:3001/_next/static/chunks/_app-pages-browser_src_components_ui_ParticleBackground_tsx.js:18:1)
    at options.factory (http://localhost:3001/_next/static/chunks/webpack.js?v=1776291754720:715:31)
    at __webpack_require__ (http://localhost:3001/_next/static/chunks/webpack.js?v=1776291754720:37:33)
    at fn (http://localhost:3001/_next/static/chunks/webpack.js?v=1776291754720:371:21)
    at eval (webpack-internal:///(app-pages-browser)/./src/components/ui/ParticleBackground.tsx:8:76)
    at (app-pages-browser)/./src/components/ui/ParticleBackground.tsx (http://localhost:3001/_next/static/chunks/_app-pages-browser_src_components_ui_ParticleBackground_tsx.js:108:1)
    at options.factory (http://localhost:3001/_next/static/chunks/webpack.js?v=1776291754720:715:31)
    at __webpack_require__ (http://localhost:3001/_next/static/chunks/webpack.js?v=1776291754720:37:33)
    at fn (http://localhost:3001/_next/static/chunks/webpack.js?v=1776291754720:371:21)
[     546ms] TypeError: Cannot read properties of undefined (reading 'S')
    at Tt.exports (webpack-internal:///(app-pages-browser)/./node_modules/@react-three/fiber/dist/events-760a1017.esm.js:12969:512)
    at createReconciler (webpack-internal:///(app-pages-browser)/./node_modules/@react-three/fiber/dist/events-760a1017.esm.js:14099:24)
    at eval (webpack-internal:///(app-pages-browser)/./node_modules/@react-three/fiber/dist/events-760a1017.esm.js:14367:36)
    at (app-pages-browser)/./node_modules/@react-three/fiber/dist/events-760a1017.esm.js (http://localhost:3001/_next/static/chunks/_app-pages-browser_src_components_ui_ParticleBackground_tsx.js:18:1)
    at options.factory (http://localhost:3001/_next/static/chunks/webpack.js?v=1776291754720:715:31)
    at __webpack_require__ (http://localhost:3001/_next/static/chunks/webpack.js?v=1776291754720:37:33)
    at fn (http://localhost:3001/_next/static/chunks/webpack.js?v=1776291754720:371:21)
    at eval (webpack-internal:///(app-pages-browser)/./src/components/ui/ParticleBackground.tsx:8:76)
    at (app-pages-browser)/./src/components/ui/ParticleBackground.tsx (http://localhost:3001/_next/static/chunks/_app-pages-browser_src_components_ui_ParticleBackground_tsx.js:108:1)
    at options.factory (http://localhost:3001/_next/static/chunks/webpack.js?v=1776291754720:715:31)
    at __webpack_require__ (http://localhost:3001/_next/static/chunks/webpack.js?v=1776291754720:37:33)
    at fn (http://localhost:3001/_next/static/chunks/webpack.js?v=1776291754720:371:21)
[     546ms] TypeError: Cannot read properties of undefined (reading 'S')
    at Tt.exports (webpack-internal:///(app-pages-browser)/./node_modules/@react-three/fiber/dist/events-760a1017.esm.js:12969:512)
    at createReconciler (webpack-internal:///(app-pages-browser)/./node_modules/@react-three/fiber/dist/events-760a1017.esm.js:14099:24)
    at eval (webpack-internal:///(app-pages-browser)/./node_modules/@react-three/fiber/dist/events-760a1017.esm.js:14367:36)
    at (app-pages-browser)/./node_modules/@react-three/fiber/dist/events-760a1017.esm.js (http://localhost:3001/_next/static/chunks/_app-pages-browser_src_components_ui_ParticleBackground_tsx.js:18:1)
    at options.factory (http://localhost:3001/_next/static/chunks/webpack.js?v=1776291754720:715:31)
    at __webpack_require__ (http://localhost:3001/_next/static/chunks/webpack.js?v=1776291754720:37:33)
    at fn (http://localhost:3001/_next/static/chunks/webpack.js?v=1776291754720:371:21)
    at eval (webpack-internal:///(app-pages-browser)/./src/components/ui/ParticleBackground.tsx:8:76)
    at (app-pages-browser)/./src/components/ui/ParticleBackground.tsx (http://localhost:3001/_next/static/chunks/_app-pages-browser_src_components_ui_ParticleBackground_tsx.js:108:1)
    at options.factory (http://localhost:3001/_next/static/chunks/webpack.js?v=1776291754720:715:31)
    at __webpack_require__ (http://localhost:3001/_next/static/chunks/webpack.js?v=1776291754720:37:33)
    at fn (http://localhost:3001/_next/static/chunks/webpack.js?v=1776291754720:371:21)
[     546ms] TypeError: Cannot read properties of undefined (reading 'S')
    at Tt.exports (webpack-internal:///(app-pages-browser)/./node_modules/@react-three/fiber/dist/events-760a1017.esm.js:12969:512)
    at createReconciler (webpack-internal:///(app-pages-browser)/./node_modules/@react-three/fiber/dist/events-760a1017.esm.js:14099:24)
    at eval (webpack-internal:///(app-pages-browser)/./node_modules/@react-three/fiber/dist/events-760a1017.esm.js:14367:36)
    at (app-pages-browser)/./node_modules/@react-three/fiber/dist/events-760a1017.esm.js (http://localhost:3001/_next/static/chunks/_app-pages-browser_src_components_ui_ParticleBackground_tsx.js:18:1)
    at options.factory (http://localhost:3001/_next/static/chunks/webpack.js?v=1776291754720:715:31)
    at __webpack_require__ (http://localhost:3001/_next/static/chunks/webpack.js?v=1776291754720:37:33)
    at fn (http://localhost:3001/_next/static/chunks/webpack.js?v=1776291754720:371:21)
    at eval (webpack-internal:///(app-pages-browser)/./src/components/ui/ParticleBackground.tsx:8:76)
    at (app-pages-browser)/./src/components/ui/ParticleBackground.tsx (http://localhost:3001/_next/static/chunks/_app-pages-browser_src_components_ui_ParticleBackground_tsx.js:108:1)
    at options.factory (http://localhost:3001/_next/static/chunks/webpack.js?v=1776291754720:715:31)
    at __webpack_require__ (http://localhost:3001/_next/static/chunks/webpack.js?v=1776291754720:37:33)
    at fn (http://localhost:3001/_next/static/chunks/webpack.js?v=1776291754720:371:21)
[     546ms] TypeError: Cannot read properties of undefined (reading 'S')
    at Tt.exports (webpack-internal:///(app-pages-browser)/./node_modules/@react-three/fiber/dist/events-760a1017.esm.js:12969:512)
    at createReconciler (webpack-internal:///(app-pages-browser)/./node_modules/@react-three/fiber/dist/events-760a1017.esm.js:14099:24)
    at eval (webpack-internal:///(app-pages-browser)/./node_modules/@react-three/fiber/dist/events-760a1017.esm.js:14367:36)
    at (app-pages-browser)/./node_modules/@react-three/fiber/dist/events-760a1017.esm.js (http://localhost:3001/_next/static/chunks/_app-pages-browser_src_components_ui_ParticleBackground_tsx.js:18:1)
    at options.factory (http://localhost:3001/_next/static/chunks/webpack.js?v=1776291754720:715:31)
    at __webpack_require__ (http://localhost:3001/_next/static/chunks/webpack.js?v=1776291754720:37:33)
    at fn (http://localhost:3001/_next/static/chunks/webpack.js?v=1776291754720:371:21)
    at eval (webpack-internal:///(app-pages-browser)/./src/components/ui/ParticleBackground.tsx:8:76)
    at (app-pages-browser)/./src/components/ui/ParticleBackground.tsx (http://localhost:3001/_next/static/chunks/_app-pages-browser_src_components_ui_ParticleBackground_tsx.js:108:1)
    at options.factory (http://localhost:3001/_next/static/chunks/webpack.js?v=1776291754720:715:31)
    at __webpack_require__ (http://localhost:3001/_next/static/chunks/webpack.js?v=1776291754720:37:33)
    at fn (http://localhost:3001/_next/static/chunks/webpack.js?v=1776291754720:371:21)
[     600ms] TypeError: Cannot read properties of undefined (reading 'S')
    at Tt.exports (webpack-internal:///(app-pages-browser)/./node_modules/@react-three/fiber/dist/events-760a1017.esm.js:12969:512)
    at createReconciler (webpack-internal:///(app-pages-browser)/./node_modules/@react-three/fiber/dist/events-760a1017.esm.js:14099:24)
    at eval (webpack-internal:///(app-pages-browser)/./node_modules/@react-three/fiber/dist/events-760a1017.esm.js:14367:36)
    at (app-pages-browser)/./node_modules/@react-three/fiber/dist/events-760a1017.esm.js (http://localhost:3001/_next/static/chunks/_app-pages-browser_src_components_ui_ParticleBackground_tsx.js:18:1)
    at options.factory (http://localhost:3001/_next/static/chunks/webpack.js?v=1776291754720:715:31)
    at __webpack_require__ (http://localhost:3001/_next/static/chunks/webpack.js?v=1776291754720:37:33)
    at fn (http://localhost:3001/_next/static/chunks/webpack.js?v=1776291754720:371:21)
    at eval (webpack-internal:///(app-pages-browser)/./src/components/ui/ParticleBackground.tsx:8:76)
    at (app-pages-browser)/./src/components/ui/ParticleBackground.tsx (http://localhost:3001/_next/static/chunks/_app-pages-browser_src_components_ui_ParticleBackground_tsx.js:108:1)
    at options.factory (http://localhost:3001/_next/static/chunks/webpack.js?v=1776291754720:715:31)
    at __webpack_require__ (http://localhost:3001/_next/static/chunks/webpack.js?v=1776291754720:37:33)
    at fn (http://localhost:3001/_next/static/chunks/webpack.js?v=1776291754720:371:21)
[     600ms] TypeError: Cannot read properties of undefined (reading 'S')
    at Tt.exports (webpack-internal:///(app-pages-browser)/./node_modules/@react-three/fiber/dist/events-760a1017.esm.js:12969:512)
    at createReconciler (webpack-internal:///(app-pages-browser)/./node_modules/@react-three/fiber/dist/events-760a1017.esm.js:14099:24)
    at eval (webpack-internal:///(app-pages-browser)/./node_modules/@react-three/fiber/dist/events-760a1017.esm.js:14367:36)
    at (app-pages-browser)/./node_modules/@react-three/fiber/dist/events-760a1017.esm.js (http://localhost:3001/_next/static/chunks/_app-pages-browser_src_components_ui_ParticleBackground_tsx.js:18:1)
    at options.factory (http://localhost:3001/_next/static/chunks/webpack.js?v=1776291754720:715:31)
    at __webpack_require__ (http://localhost:3001/_next/static/chunks/webpack.js?v=1776291754720:37:33)
    at fn (http://localhost:3001/_next/static/chunks/webpack.js?v=1776291754720:371:21)
    at eval (webpack-internal:///(app-pages-browser)/./src/components/ui/ParticleBackground.tsx:8:76)
    at (app-pages-browser)/./src/components/ui/ParticleBackground.tsx (http://localhost:3001/_next/static/chunks/_app-pages-browser_src_components_ui_ParticleBackground_tsx.js:108:1)
    at options.factory (http://localhost:3001/_next/static/chunks/webpack.js?v=1776291754720:715:31)
    at __webpack_require__ (http://localhost:3001/_next/static/chunks/webpack.js?v=1776291754720:37:33)
    at fn (http://localhost:3001/_next/static/chunks/webpack.js?v=1776291754720:371:21)
[     600ms] TypeError: Cannot read properties of undefined (reading 'S')
    at Tt.exports (webpack-internal:///(app-pages-browser)/./node_modules/@react-three/fiber/dist/events-760a1017.esm.js:12969:512)
    at createReconciler (webpack-internal:///(app-pages-browser)/./node_modules/@react-three/fiber/dist/events-760a1017.esm.js:14099:24)
    at eval (webpack-internal:///(app-pages-browser)/./node_modules/@react-three/fiber/dist/events-760a1017.esm.js:14367:36)
    at (app-pages-browser)/./node_modules/@react-three/fiber/dist/events-760a1017.esm.js (http://localhost:3001/_next/static/chunks/_app-pages-browser_src_components_ui_ParticleBackground_tsx.js:18:1)
    at options.factory (http://localhost:3001/_next/static/chunks/webpack.js?v=1776291754720:715:31)
    at __webpack_require__ (http://localhost:3001/_next/static/chunks/webpack.js?v=1776291754720:37:33)
    at fn (http://localhost:3001/_next/static/chunks/webpack.js?v=1776291754720:371:21)
    at eval (webpack-internal:///(app-pages-browser)/./src/components/ui/ParticleBackground.tsx:8:76)
    at (app-pages-browser)/./src/components/ui/ParticleBackground.tsx (http://localhost:3001/_next/static/chunks/_app-pages-browser_src_components_ui_ParticleBackground_tsx.js:108:1)
    at options.factory (http://localhost:3001/_next/static/chunks/webpack.js?v=1776291754720:715:31)
    at __webpack_require__ (http://localhost:3001/_next/static/chunks/webpack.js?v=1776291754720:37:33)
    at fn (http://localhost:3001/_next/static/chunks/webpack.js?v=1776291754720:371:21)
[     600ms] TypeError: Cannot read properties of undefined (reading 'S')
    at Tt.exports (webpack-internal:///(app-pages-browser)/./node_modules/@react-three/fiber/dist/events-760a1017.esm.js:12969:512)
    at createReconciler (webpack-internal:///(app-pages-browser)/./node_modules/@react-three/fiber/dist/events-760a1017.esm.js:14099:24)
    at eval (webpack-internal:///(app-pages-browser)/./node_modules/@react-three/fiber/dist/events-760a1017.esm.js:14367:36)
    at (app-pages-browser)/./node_modules/@react-three/fiber/dist/events-760a1017.esm.js (http://localhost:3001/_next/static/chunks/_app-pages-browser_src_components_ui_ParticleBackground_tsx.js:18:1)
    at options.factory (http://localhost:3001/_next/static/chunks/webpack.js?v=1776291754720:715:31)
    at __webpack_require__ (http://localhost:3001/_next/static/chunks/webpack.js?v=1776291754720:37:33)
    at fn (http://localhost:3001/_next/static/chunks/webpack.js?v=1776291754720:371:21)
    at eval (webpack-internal:///(app-pages-browser)/./src/components/ui/ParticleBackground.tsx:8:76)
    at (app-pages-browser)/./src/components/ui/ParticleBackground.tsx (http://localhost:3001/_next/static/chunks/_app-pages-browser_src_components_ui_ParticleBackground_tsx.js:108:1)
    at options.factory (http://localhost:3001/_next/static/chunks/webpack.js?v=1776291754720:715:31)
    at __webpack_require__ (http://localhost:3001/_next/static/chunks/webpack.js?v=1776291754720:37:33)
    at fn (http://localhost:3001/_next/static/chunks/webpack.js?v=1776291754720:371:21)
[     601ms] TypeError: Cannot read properties of undefined (reading 'S')
    at Tt.exports (webpack-internal:///(app-pages-browser)/./node_modules/@react-three/fiber/dist/events-760a1017.esm.js:12969:512)
    at createReconciler (webpack-internal:///(app-pages-browser)/./node_modules/@react-three/fiber/dist/events-760a1017.esm.js:14099:24)
    at eval (webpack-internal:///(app-pages-browser)/./node_modules/@react-three/fiber/dist/events-760a1017.esm.js:14367:36)
    at (app-pages-browser)/./node_modules/@react-three/fiber/dist/events-760a1017.esm.js (http://localhost:3001/_next/static/chunks/_app-pages-browser_src_components_ui_ParticleBackground_tsx.js:18:1)
    at options.factory (http://localhost:3001/_next/static/chunks/webpack.js?v=1776291754720:715:31)
    at __webpack_require__ (http://localhost:3001/_next/static/chunks/webpack.js?v=1776291754720:37:33)
    at fn (http://localhost:3001/_next/static/chunks/webpack.js?v=1776291754720:371:21)
    at eval (webpack-internal:///(app-pages-browser)/./src/components/ui/ParticleBackground.tsx:8:76)
    at (app-pages-browser)/./src/components/ui/ParticleBackground.tsx (http://localhost:3001/_next/static/chunks/_app-pages-browser_src_components_ui_ParticleBackground_tsx.js:108:1)
    at options.factory (http://localhost:3001/_next/static/chunks/webpack.js?v=1776291754720:715:31)
    at __webpack_require__ (http://localhost:3001/_next/static/chunks/webpack.js?v=1776291754720:37:33)
    at fn (http://localhost:3001/_next/static/chunks/webpack.js?v=1776291754720:371:21)
[     601ms] TypeError: Cannot read properties of undefined (reading 'S')
    at Tt.exports (webpack-internal:///(app-pages-browser)/./node_modules/@react-three/fiber/dist/events-760a1017.esm.js:12969:512)
    at createReconciler (webpack-internal:///(app-pages-browser)/./node_modules/@react-three/fiber/dist/events-760a1017.esm.js:14099:24)
    at eval (webpack-internal:///(app-pages-browser)/./node_modules/@react-three/fiber/dist/events-760a1017.esm.js:14367:36)
    at (app-pages-browser)/./node_modules/@react-three/fiber/dist/events-760a1017.esm.js (http://localhost:3001/_next/static/chunks/_app-pages-browser_src_components_ui_ParticleBackground_tsx.js:18:1)
    at options.factory (http://localhost:3001/_next/static/chunks/webpack.js?v=1776291754720:715:31)
    at __webpack_require__ (http://localhost:3001/_next/static/chunks/webpack.js?v=1776291754720:37:33)
    at fn (http://localhost:3001/_next/static/chunks/webpack.js?v=1776291754720:371:21)
    at eval (webpack-internal:///(app-pages-browser)/./src/components/ui/ParticleBackground.tsx:8:76)
    at (app-pages-browser)/./src/components/ui/ParticleBackground.tsx (http://localhost:3001/_next/static/chunks/_app-pages-browser_src_components_ui_ParticleBackground_tsx.js:108:1)
    at options.factory (http://localhost:3001/_next/static/chunks/webpack.js?v=1776291754720:715:31)
    at __webpack_require__ (http://localhost:3001/_next/static/chunks/webpack.js?v=1776291754720:37:33)
    at fn (http://localhost:3001/_next/static/chunks/webpack.js?v=1776291754720:371:21)
[     601ms] TypeError: Cannot read properties of undefined (reading 'S')
    at Tt.exports (webpack-internal:///(app-pages-browser)/./node_modules/@react-three/fiber/dist/events-760a1017.esm.js:12969:512)
    at createReconciler (webpack-internal:///(app-pages-browser)/./node_modules/@react-three/fiber/dist/events-760a1017.esm.js:14099:24)
    at eval (webpack-internal:///(app-pages-browser)/./node_modules/@react-three/fiber/dist/events-760a1017.esm.js:14367:36)
    at (app-pages-browser)/./node_modules/@react-three/fiber/dist/events-760a1017.esm.js (http://localhost:3001/_next/static/chunks/_app-pages-browser_src_components_ui_ParticleBackground_tsx.js:18:1)
    at options.factory (http://localhost:3001/_next/static/chunks/webpack.js?v=1776291754720:715:31)
    at __webpack_require__ (http://localhost:3001/_next/static/chunks/webpack.js?v=1776291754720:37:33)
    at fn (http://localhost:3001/_next/static/chunks/webpack.js?v=1776291754720:371:21)
    at eval (webpack-internal:///(app-pages-browser)/./src/components/ui/ParticleBackground.tsx:8:76)
    at (app-pages-browser)/./src/components/ui/ParticleBackground.tsx (http://localhost:3001/_next/static/chunks/_app-pages-browser_src_components_ui_ParticleBackground_tsx.js:108:1)
    at options.factory (http://localhost:3001/_next/static/chunks/webpack.js?v=1776291754720:715:31)
    at __webpack_require__ (http://localhost:3001/_next/static/chunks/webpack.js?v=1776291754720:37:33)
    at fn (http://localhost:3001/_next/static/chunks/webpack.js?v=1776291754720:371:21)
[     601ms] TypeError: Cannot read properties of undefined (reading 'S')
    at Tt.exports (webpack-internal:///(app-pages-browser)/./node_modules/@react-three/fiber/dist/events-760a1017.esm.js:12969:512)
    at createReconciler (webpack-internal:///(app-pages-browser)/./node_modules/@react-three/fiber/dist/events-760a1017.esm.js:14099:24)
    at eval (webpack-internal:///(app-pages-browser)/./node_modules/@react-three/fiber/dist/events-760a1017.esm.js:14367:36)
    at (app-pages-browser)/./node_modules/@react-three/fiber/dist/events-760a1017.esm.js (http://localhost:3001/_next/static/chunks/_app-pages-browser_src_components_ui_ParticleBackground_tsx.js:18:1)
    at options.factory (http://localhost:3001/_next/static/chunks/webpack.js?v=1776291754720:715:31)
    at __webpack_require__ (http://localhost:3001/_next/static/chunks/webpack.js?v=1776291754720:37:33)
    at fn (http://localhost:3001/_next/static/chunks/webpack.js?v=1776291754720:371:21)
    at eval (webpack-internal:///(app-pages-browser)/./src/components/ui/ParticleBackground.tsx:8:76)
    at (app-pages-browser)/./src/components/ui/ParticleBackground.tsx (http://localhost:3001/_next/static/chunks/_app-pages-browser_src_components_ui_ParticleBackground_tsx.js:108:1)
    at options.factory (http://localhost:3001/_next/static/chunks/webpack.js?v=1776291754720:715:31)
    at __webpack_require__ (http://localhost:3001/_next/static/chunks/webpack.js?v=1776291754720:37:33)
    at fn (http://localhost:3001/_next/static/chunks/webpack.js?v=1776291754720:371:21)
[     601ms] TypeError: Cannot read properties of undefined (reading 'S')
    at Tt.exports (webpack-internal:///(app-pages-browser)/./node_modules/@react-three/fiber/dist/events-760a1017.esm.js:12969:512)
    at createReconciler (webpack-internal:///(app-pages-browser)/./node_modules/@react-three/fiber/dist/events-760a1017.esm.js:14099:24)
    at eval (webpack-internal:///(app-pages-browser)/./node_modules/@react-three/fiber/dist/events-760a1017.esm.js:14367:36)
    at (app-pages-browser)/./node_modules/@react-three/fiber/dist/events-760a1017.esm.js (http://localhost:3001/_next/static/chunks/_app-pages-browser_src_components_ui_ParticleBackground_tsx.js:18:1)
    at options.factory (http://localhost:3001/_next/static/chunks/webpack.js?v=1776291754720:715:31)
    at __webpack_require__ (http://localhost:3001/_next/static/chunks/webpack.js?v=1776291754720:37:33)
    at fn (http://localhost:3001/_next/static/chunks/webpack.js?v=1776291754720:371:21)
    at eval (webpack-internal:///(app-pages-browser)/./src/components/ui/ParticleBackground.tsx:8:76)
    at (app-pages-browser)/./src/components/ui/ParticleBackground.tsx (http://localhost:3001/_next/static/chunks/_app-pages-browser_src_components_ui_ParticleBackground_tsx.js:108:1)
    at options.factory (http://localhost:3001/_next/static/chunks/webpack.js?v=1776291754720:715:31)
    at __webpack_require__ (http://localhost:3001/_next/static/chunks/webpack.js?v=1776291754720:37:33)
    at fn (http://localhost:3001/_next/static/chunks/webpack.js?v=1776291754720:371:21)
[     601ms] TypeError: Cannot read properties of undefined (reading 'S')
    at Tt.exports (webpack-internal:///(app-pages-browser)/./node_modules/@react-three/fiber/dist/events-760a1017.esm.js:12969:512)
    at createReconciler (webpack-internal:///(app-pages-browser)/./node_modules/@react-three/fiber/dist/events-760a1017.esm.js:14099:24)
    at eval (webpack-internal:///(app-pages-browser)/./node_modules/@react-three/fiber/dist/events-760a1017.esm.js:14367:36)
    at (app-pages-browser)/./node_modules/@react-three/fiber/dist/events-760a1017.esm.js (http://localhost:3001/_next/static/chunks/_app-pages-browser_src_components_ui_ParticleBackground_tsx.js:18:1)
    at options.factory (http://localhost:3001/_next/static/chunks/webpack.js?v=1776291754720:715:31)
    at __webpack_require__ (http://localhost:3001/_next/static/chunks/webpack.js?v=1776291754720:37:33)
    at fn (http://localhost:3001/_next/static/chunks/webpack.js?v=1776291754720:371:21)
    at eval (webpack-internal:///(app-pages-browser)/./src/components/ui/ParticleBackground.tsx:8:76)
    at (app-pages-browser)/./src/components/ui/ParticleBackground.tsx (http://localhost:3001/_next/static/chunks/_app-pages-browser_src_components_ui_ParticleBackground_tsx.js:108:1)
    at options.factory (http://localhost:3001/_next/static/chunks/webpack.js?v=1776291754720:715:31)
    at __webpack_require__ (http://localhost:3001/_next/static/chunks/webpack.js?v=1776291754720:37:33)
    at fn (http://localhost:3001/_next/static/chunks/webpack.js?v=1776291754720:371:21)
[     657ms] [ERROR] The above error occurred in the <NotFoundErrorBoundary> component:

    at Lazy
    at BailoutToCSR (webpack-internal:///(app-pages-browser)/./node_modules/next/dist/shared/lib/lazy-dynamic/dynamic-bailout-to-csr.js:13:11)
    at Suspense
    at LoadableComponent
    at div
    at section
    at HeroSection (webpack-internal:///(app-pages-browser)/./src/components/home/HeroSection.tsx:27:97)
    at HomePage (Server)
    at HomePage (Server)
    at InnerLayoutRouter (webpack-internal:///(app-pages-browser)/./node_modules/next/dist/client/components/layout-router.js:243:11)
    at RedirectErrorBoundary (webpack-internal:///(app-pages-browser)/./node_modules/next/dist/client/components/redirect-boundary.js:74:9)
    at RedirectBoundary (webpack-internal:///(app-pages-browser)/./node_modules/next/dist/client/components/redirect-boundary.js:82:11)
    at NotFoundErrorBoundary (webpack-internal:///(app-pages-browser)/./node_modules/next/dist/client/components/not-found-boundary.js:76:9)
    at NotFoundBoundary (webpack-internal:///(app-pages-browser)/./node_modules/next/dist/client/components/not-found-boundary.js:84:11)
    at LoadingBoundary (webpack-internal:///(app-pages-browser)/./node_modules/next/dist/client/components/layout-router.js:349:11)
    at ErrorBoundary (webpack-internal:///(app-pages-browser)/./node_modules/next/dist/client/components/error-boundary.js:160:11)
    at InnerScrollAndFocusHandler (webpack-internal:///(app-pages-browser)/./node_modules/next/dist/client/components/layout-router.js:153:9)
    at ScrollAndFocusHandler (webpack-internal:///(app-pages-browser)/./node_modules/next/dist/client/components/layout-router.js:228:11)
    at RenderFromTemplateContext (webpack-internal:///(app-pages-browser)/./node_modules/next/dist/client/components/render-from-template-context.js:16:44)
    at OuterLayoutRouter (webpack-internal:///(app-pages-browser)/./node_modules/next/dist/client/components/layout-router.js:370:11)
    at main
    at body
    at html
    at RootLayout (Server)
    at RedirectErrorBoundary (webpack-internal:///(app-pages-browser)/./node_modules/next/dist/client/components/redirect-boundary.js:74:9)
    at RedirectBoundary (webpack-internal:///(app-pages-browser)/./node_modules/next/dist/client/components/redirect-boundary.js:82:11)
    at NotFoundErrorBoundary (webpack-internal:///(app-pages-browser)/./node_modules/next/dist/client/components/not-found-boundary.js:76:9)
    at NotFoundBoundary (webpack-internal:///(app-pages-browser)/./node_modules/next/dist/client/components/not-found-boundary.js:84:11)
    at DevRootNotFoundBoundary (webpack-internal:///(app-pages-browser)/./node_modules/next/dist/client/components/dev-root-not-found-boundary.js:33:11)
    at ReactDevOverlay (webpack-internal:///(app-pages-browser)/./node_modules/next/dist/client/components/react-dev-overlay/app/ReactDevOverlay.js:87:9)
    at HotReload (webpack-internal:///(app-pages-browser)/./node_modules/next/dist/client/components/react-dev-overlay/app/hot-reloader-client.js:321:11)
    at Router (webpack-internal:///(app-pages-browser)/./node_modules/next/dist/client/components/app-router.js:207:11)
    at ErrorBoundaryHandler (webpack-internal:///(app-pages-browser)/./node_modules/next/dist/client/components/error-boundary.js:113:9)
    at ErrorBoundary (webpack-internal:///(app-pages-browser)/./node_modules/next/dist/client/components/error-boundary.js:160:11)
    at AppRouter (webpack-internal:///(app-pages-browser)/./node_modules/next/dist/client/components/app-router.js:585:13)
    at ServerRoot (webpack-internal:///(app-pages-browser)/./node_modules/next/dist/client/app-index.js:112:27)
    at Root (webpack-internal:///(app-pages-browser)/./node_modules/next/dist/client/app-index.js:117:11)

React will try to recreate this component tree from scratch using the error boundary you provided, ReactDevOverlay. @ webpack-internal:///(app-pages-browser)/./node_modules/next/dist/client/app-index.js:32
[     673ms] [LOG] %c[Vercel Web Analytics]%c Debug mode is enabled by default in development. No requests will be sent to the server. color: rgb(120, 120, 120) color: inherit @ https://va.vercel-scripts.com/v1/script.debug.js:0
[     673ms] [LOG] %c[Vercel Web Analytics]%c [view] http://localhost:3001/ color: rgb(120, 120, 120) color: inherit {o: http://localhost:3001/, sv: 0.1.3, sdkn: @vercel/analytics/react, sdkv: 2.0.1, ts: 1776291755368} /_vercel/insights/view @ https://va.vercel-scripts.com/v1/script.debug.js:0
